// Vitest Snapshot v1, https://vitest.dev/guide/snapshot.html

exports[`ModelRecommendationsPage > matches snapshot 1`] = `
<div
  data-testid="model-recommendations"
>
  Model Recommendations Component
</div>
`;
