// Vitest Snapshot v1, https://vitest.dev/guide/snapshot.html

exports[`HomeScreen > matches snapshot 1`] = `
<div
  data-testid="health-check"
>
  Health Check Component
</div>
`;
